<div class="header">
    <h1>Collaborate with your team on Test Company</h1>
</div>

custom invite email template